// Jest Snapshot v1, https://goo.gl/fbAQLP

exports[`Log in component shows login options 1`] = `"<div class=\\"window-content-container\\"><div class=\\"center-buttons\\"><button class=\\"login-button\\"><img class=\\"button-image\\" src=\\"https://www.freepnglogos.com/uploads/google-logo-png/google-logo-png-webinar-optimizing-for-success-google-business-webinar-13.png\\" alt=\\"login with google\\"><span class=\\"login-button-text\\">Log in with google</span></button><br><button class=\\"login-button\\"><img class=\\"button-image\\" src=\\"https://img.cppng.com/download/2020-06/28348-7-microsoft-logo-hd.png\\" alt=\\"login with microsoft\\"><span class=\\"login-button-text\\">Log in with microsoft</span></button></div></div>"`;
